// Jest Snapshot v1, https://goo.gl/fbAQLP

exports[`FloorManagersList.vue has the expected html structure 1`] = `
<v-app
  toolbar--fixed=""
  toolbar=""
  style="overflow: hidden;"
>
  <main
    id="scrolling-techniques"
    class="scroll-y"
    style="max-height: 600px;"
  >
    <h2>
      Home Page
    </h2>
    <v-form
      lazy-validation=""
    >
      <v-text-field
        label="Name"
        rules="function (v) {
              cov_1gh2s8ykqq.f[1]++;
              cov_1gh2s8ykqq.f[1]++;
              cov_1gh2s8ykqq.s[1]++;
              cov_1gh2s8ykqq.s[1]++;
              return (cov_1gh2s8ykqq.b[0][0]++, (cov_1gh2s8ykqq.b[0][0]++, !!v)) || (cov_1gh2s8ykqq.b[0][1]++, (cov_1gh2s8ykqq.b[0][1]++, 'Name is required'));
            },function (v) {
              cov_1gh2s8ykqq.f[2]++;
              cov_1gh2s8ykqq.f[2]++;
              cov_1gh2s8ykqq.s[2]++;
              cov_1gh2s8ykqq.s[2]++;
              return (cov_1gh2s8ykqq.b[1][0]++, (cov_1gh2s8ykqq.b[1][0]++, v)) && (cov_1gh2s8ykqq.b[1][1]++, (cov_1gh2s8ykqq.b[1][1]++, v.length <= 10)) || (cov_1gh2s8ykqq.b[1][2]++, (cov_1gh2s8ykqq.b[1][2]++, 'Name must be less than 10 characters'));
            }"
        counter="10"
        required="required"
      />
      <v-text-field
        label="E-mail"
        rules="function (v) {
              cov_1gh2s8ykqq.f[3]++;
              cov_1gh2s8ykqq.f[3]++;
              cov_1gh2s8ykqq.s[3]++;
              cov_1gh2s8ykqq.s[3]++;
              return (cov_1gh2s8ykqq.b[2][0]++, (cov_1gh2s8ykqq.b[2][0]++, !!v)) || (cov_1gh2s8ykqq.b[2][1]++, (cov_1gh2s8ykqq.b[2][1]++, 'E-mail is required'));
            },function (v) {
              cov_1gh2s8ykqq.f[4]++;
              cov_1gh2s8ykqq.f[4]++;
              cov_1gh2s8ykqq.s[4]++;
              cov_1gh2s8ykqq.s[4]++;
              return (cov_1gh2s8ykqq.b[3][0]++, (cov_1gh2s8ykqq.b[3][0]++, /^\\w+([\\.-]?\\w+)*@\\w+([\\.-]?\\w+)*(\\.\\w{2,3})+$/.test(v))) || (cov_1gh2s8ykqq.b[3][1]++, (cov_1gh2s8ykqq.b[3][1]++, 'E-mail must be valid'));
            }"
        required="required"
      />
      <v-text-field
        label="About"
        multi-line=""
      />
      <v-btn
        class="btn-add-user"
      >
        Add User
      </v-btn>
      <a
        href="#/setup/projectsList"
        class=""
      >
        Select Floor Manager
      </a>
    </v-form>
  </main>
</v-app>
`;
